[0.511s] Invoking command in '/home/tu03/ros2_ws/src/serial_communication_pkg': PYTHONPATH=/home/tu03/ros2_ws/build/serial_communication_pkg/prefix_override:/usr/lib/python3/dist-packages/colcon_core/task/python/colcon_distutils_commands:/home/tu03/ros2_ws/install/serial_communication_pkg/lib/python3.10/site-packages:${PYTHONPATH} /usr/bin/python3 -W ignore:setup.py install is deprecated -W ignore:easy_install command is deprecated setup.py egg_info --egg-base ../../build/serial_communication_pkg build --build-base /home/tu03/ros2_ws/build/serial_communication_pkg/build install --record /home/tu03/ros2_ws/build/serial_communication_pkg/install.log --single-version-externally-managed install_data
[0.732s] running egg_info
[0.732s] writing ../../build/serial_communication_pkg/serial_communication_pkg.egg-info/PKG-INFO
[0.732s] writing dependency_links to ../../build/serial_communication_pkg/serial_communication_pkg.egg-info/dependency_links.txt
[0.733s] writing entry points to ../../build/serial_communication_pkg/serial_communication_pkg.egg-info/entry_points.txt
[0.733s] writing requirements to ../../build/serial_communication_pkg/serial_communication_pkg.egg-info/requires.txt
[0.733s] writing top-level names to ../../build/serial_communication_pkg/serial_communication_pkg.egg-info/top_level.txt
[0.734s] reading manifest file '../../build/serial_communication_pkg/serial_communication_pkg.egg-info/SOURCES.txt'
[0.735s] writing manifest file '../../build/serial_communication_pkg/serial_communication_pkg.egg-info/SOURCES.txt'
[0.735s] running build
[0.735s] running build_py
[0.735s] running install
[0.736s] running install_lib
[0.737s] running install_data
[0.737s] running install_egg_info
[0.738s] removing '/home/tu03/ros2_ws/install/serial_communication_pkg/lib/python3.10/site-packages/serial_communication_pkg-0.0.0-py3.10.egg-info' (and everything under it)
[0.739s] Copying ../../build/serial_communication_pkg/serial_communication_pkg.egg-info to /home/tu03/ros2_ws/install/serial_communication_pkg/lib/python3.10/site-packages/serial_communication_pkg-0.0.0-py3.10.egg-info
[0.739s] running install_scripts
[0.756s] Installing parking_serial_sender_node script to /home/tu03/ros2_ws/install/serial_communication_pkg/lib/serial_communication_pkg
[0.756s] Installing serial_sender_node script to /home/tu03/ros2_ws/install/serial_communication_pkg/lib/serial_communication_pkg
[0.756s] writing list of installed files to '/home/tu03/ros2_ws/build/serial_communication_pkg/install.log'
[0.777s] Invoked command in '/home/tu03/ros2_ws/src/serial_communication_pkg' returned '0': PYTHONPATH=/home/tu03/ros2_ws/build/serial_communication_pkg/prefix_override:/usr/lib/python3/dist-packages/colcon_core/task/python/colcon_distutils_commands:/home/tu03/ros2_ws/install/serial_communication_pkg/lib/python3.10/site-packages:${PYTHONPATH} /usr/bin/python3 -W ignore:setup.py install is deprecated -W ignore:easy_install command is deprecated setup.py egg_info --egg-base ../../build/serial_communication_pkg build --build-base /home/tu03/ros2_ws/build/serial_communication_pkg/build install --record /home/tu03/ros2_ws/build/serial_communication_pkg/install.log --single-version-externally-managed install_data
