[0.544s] Invoking command in '/home/tu03/ros2_ws/src/serial_communication_pkg': PYTHONPATH=/home/tu03/ros2_ws/build/serial_communication_pkg/prefix_override:/usr/lib/python3/dist-packages/colcon_core/task/python/colcon_distutils_commands:/home/tu03/ros2_ws/install/serial_communication_pkg/lib/python3.10/site-packages:${PYTHONPATH} /usr/bin/python3 -W ignore:setup.py install is deprecated -W ignore:easy_install command is deprecated setup.py egg_info --egg-base ../../build/serial_communication_pkg build --build-base /home/tu03/ros2_ws/build/serial_communication_pkg/build install --record /home/tu03/ros2_ws/build/serial_communication_pkg/install.log --single-version-externally-managed install_data
[0.766s] running egg_info
[0.766s] writing ../../build/serial_communication_pkg/serial_communication_pkg.egg-info/PKG-INFO
[0.766s] writing dependency_links to ../../build/serial_communication_pkg/serial_communication_pkg.egg-info/dependency_links.txt
[0.766s] writing entry points to ../../build/serial_communication_pkg/serial_communication_pkg.egg-info/entry_points.txt
[0.766s] writing requirements to ../../build/serial_communication_pkg/serial_communication_pkg.egg-info/requires.txt
[0.767s] writing top-level names to ../../build/serial_communication_pkg/serial_communication_pkg.egg-info/top_level.txt
[0.768s] reading manifest file '../../build/serial_communication_pkg/serial_communication_pkg.egg-info/SOURCES.txt'
[0.769s] writing manifest file '../../build/serial_communication_pkg/serial_communication_pkg.egg-info/SOURCES.txt'
[0.769s] running build
[0.769s] running build_py
[0.769s] copying serial_communication_pkg/parking_serial_sender_node.py -> /home/tu03/ros2_ws/build/serial_communication_pkg/build/lib/serial_communication_pkg
[0.769s] running install
[0.769s] running install_lib
[0.770s] copying /home/tu03/ros2_ws/build/serial_communication_pkg/build/lib/serial_communication_pkg/parking_serial_sender_node.py -> /home/tu03/ros2_ws/install/serial_communication_pkg/lib/python3.10/site-packages/serial_communication_pkg
[0.771s] byte-compiling /home/tu03/ros2_ws/install/serial_communication_pkg/lib/python3.10/site-packages/serial_communication_pkg/parking_serial_sender_node.py to parking_serial_sender_node.cpython-310.pyc
[0.772s] running install_data
[0.772s] running install_egg_info
[0.773s] removing '/home/tu03/ros2_ws/install/serial_communication_pkg/lib/python3.10/site-packages/serial_communication_pkg-0.0.0-py3.10.egg-info' (and everything under it)
[0.773s] Copying ../../build/serial_communication_pkg/serial_communication_pkg.egg-info to /home/tu03/ros2_ws/install/serial_communication_pkg/lib/python3.10/site-packages/serial_communication_pkg-0.0.0-py3.10.egg-info
[0.774s] running install_scripts
[0.790s] Installing parking_serial_sender_node script to /home/tu03/ros2_ws/install/serial_communication_pkg/lib/serial_communication_pkg
[0.790s] Installing serial_sender_node script to /home/tu03/ros2_ws/install/serial_communication_pkg/lib/serial_communication_pkg
[0.791s] writing list of installed files to '/home/tu03/ros2_ws/build/serial_communication_pkg/install.log'
[0.810s] Invoked command in '/home/tu03/ros2_ws/src/serial_communication_pkg' returned '0': PYTHONPATH=/home/tu03/ros2_ws/build/serial_communication_pkg/prefix_override:/usr/lib/python3/dist-packages/colcon_core/task/python/colcon_distutils_commands:/home/tu03/ros2_ws/install/serial_communication_pkg/lib/python3.10/site-packages:${PYTHONPATH} /usr/bin/python3 -W ignore:setup.py install is deprecated -W ignore:easy_install command is deprecated setup.py egg_info --egg-base ../../build/serial_communication_pkg build --build-base /home/tu03/ros2_ws/build/serial_communication_pkg/build install --record /home/tu03/ros2_ws/build/serial_communication_pkg/install.log --single-version-externally-managed install_data
