[0.497s] Invoking command in '/home/tu03/ros2_ws/src/decision_making_pkg': PYTHONPATH=/home/tu03/ros2_ws/build/decision_making_pkg/prefix_override:/usr/lib/python3/dist-packages/colcon_core/task/python/colcon_distutils_commands:/home/tu03/ros2_ws/install/decision_making_pkg/lib/python3.10/site-packages:${PYTHONPATH} /usr/bin/python3 -W ignore:setup.py install is deprecated -W ignore:easy_install command is deprecated setup.py egg_info --egg-base ../../build/decision_making_pkg build --build-base /home/tu03/ros2_ws/build/decision_making_pkg/build install --record /home/tu03/ros2_ws/build/decision_making_pkg/install.log --single-version-externally-managed install_data
[0.722s] running egg_info
[0.722s] writing ../../build/decision_making_pkg/decision_making_pkg.egg-info/PKG-INFO
[0.723s] writing dependency_links to ../../build/decision_making_pkg/decision_making_pkg.egg-info/dependency_links.txt
[0.723s] writing entry points to ../../build/decision_making_pkg/decision_making_pkg.egg-info/entry_points.txt
[0.723s] writing requirements to ../../build/decision_making_pkg/decision_making_pkg.egg-info/requires.txt
[0.723s] writing top-level names to ../../build/decision_making_pkg/decision_making_pkg.egg-info/top_level.txt
[0.724s] reading manifest file '../../build/decision_making_pkg/decision_making_pkg.egg-info/SOURCES.txt'
[0.725s] writing manifest file '../../build/decision_making_pkg/decision_making_pkg.egg-info/SOURCES.txt'
[0.725s] running build
[0.725s] running build_py
[0.725s] copying decision_making_pkg/obstacle_motion_planner_node.py -> /home/tu03/ros2_ws/build/decision_making_pkg/build/lib/decision_making_pkg
[0.726s] running install
[0.726s] running install_lib
[0.727s] copying /home/tu03/ros2_ws/build/decision_making_pkg/build/lib/decision_making_pkg/obstacle_motion_planner_node.py -> /home/tu03/ros2_ws/install/decision_making_pkg/lib/python3.10/site-packages/decision_making_pkg
[0.728s] byte-compiling /home/tu03/ros2_ws/install/decision_making_pkg/lib/python3.10/site-packages/decision_making_pkg/obstacle_motion_planner_node.py to obstacle_motion_planner_node.cpython-310.pyc
[0.730s] running install_data
[0.730s] running install_egg_info
[0.731s] removing '/home/tu03/ros2_ws/install/decision_making_pkg/lib/python3.10/site-packages/decision_making_pkg-0.0.0-py3.10.egg-info' (and everything under it)
[0.732s] Copying ../../build/decision_making_pkg/decision_making_pkg.egg-info to /home/tu03/ros2_ws/install/decision_making_pkg/lib/python3.10/site-packages/decision_making_pkg-0.0.0-py3.10.egg-info
[0.732s] running install_scripts
[0.749s] Installing motion_planner_node script to /home/tu03/ros2_ws/install/decision_making_pkg/lib/decision_making_pkg
[0.749s] Installing obstacle_motion_planner_node script to /home/tu03/ros2_ws/install/decision_making_pkg/lib/decision_making_pkg
[0.749s] Installing parking_motion_planner_node script to /home/tu03/ros2_ws/install/decision_making_pkg/lib/decision_making_pkg
[0.749s] Installing path_planner_node script to /home/tu03/ros2_ws/install/decision_making_pkg/lib/decision_making_pkg
[0.749s] writing list of installed files to '/home/tu03/ros2_ws/build/decision_making_pkg/install.log'
[0.769s] Invoked command in '/home/tu03/ros2_ws/src/decision_making_pkg' returned '0': PYTHONPATH=/home/tu03/ros2_ws/build/decision_making_pkg/prefix_override:/usr/lib/python3/dist-packages/colcon_core/task/python/colcon_distutils_commands:/home/tu03/ros2_ws/install/decision_making_pkg/lib/python3.10/site-packages:${PYTHONPATH} /usr/bin/python3 -W ignore:setup.py install is deprecated -W ignore:easy_install command is deprecated setup.py egg_info --egg-base ../../build/decision_making_pkg build --build-base /home/tu03/ros2_ws/build/decision_making_pkg/build install --record /home/tu03/ros2_ws/build/decision_making_pkg/install.log --single-version-externally-managed install_data
